exports[`test Blank page 1`] = `"<p></p>"`;

exports[`test Empty revision 1`] = `"<p></p>"`;
